C:\Program Files\dotnet\sdk\10.0.101\Microsoft.Common.CurrentVersion.targets(5080,5): error MSB3027: Could not copy "C:\Project Full stack\EBoostClean\EBoost.Infrastructure\bin\Debug\net8.0\EBoost.Infrastructure.dll" to "bin\Debug\net8.0\EBoost.Infrastructure.dll". Exceeded retry count of 10. Failed. The file is locked by: "EBoost.Api (40320)" [C:\Project Full stack\EBoostClean\EBoost.Api\EBoost.Api.csproj]
C:\Program Files\dotnet\sdk\10.0.101\Microsoft.Common.CurrentVersion.targets(5080,5): error MSB3021: Unable to copy file "C:\Project Full stack\EBoostClean\EBoost.Infrastructure\bin\Debug\net8.0\EBoost.Infrastructure.dll" to "bin\Debug\net8.0\EBoost.Infrastructure.dll". The process cannot access the file 'C:\Project Full stack\EBoostClean\EBoost.Api\bin\Debug\net8.0\EBoost.Infrastructure.dll' because it is being used by another process. [C:\Project Full stack\EBoostClean\EBoost.Api\EBoost.Api.csproj]
C:\Program Files\dotnet\sdk\10.0.101\Microsoft.Common.CurrentVersion.targets(5080,5): error MSB3027: Could not copy "C:\Project Full stack\EBoostClean\EBoost.Application\bin\Debug\net8.0\EBoost.Application.dll" to "bin\Debug\net8.0\EBoost.Application.dll". Exceeded retry count of 10. Failed. The file is locked by: "EBoost.Api (40320)" [C:\Project Full stack\EBoostClean\EBoost.Api\EBoost.Api.csproj]
C:\Program Files\dotnet\sdk\10.0.101\Microsoft.Common.CurrentVersion.targets(5080,5): error MSB3021: Unable to copy file "C:\Project Full stack\EBoostClean\EBoost.Application\bin\Debug\net8.0\EBoost.Application.dll" to "bin\Debug\net8.0\EBoost.Application.dll". The process cannot access the file 'C:\Project Full stack\EBoostClean\EBoost.Api\bin\Debug\net8.0\EBoost.Application.dll' because it is being used by another process. [C:\Project Full stack\EBoostClean\EBoost.Api\EBoost.Api.csproj]
C:\Program Files\dotnet\sdk\10.0.101\Microsoft.Common.CurrentVersion.targets(5080,5): error MSB3027: Could not copy "C:\Project Full stack\EBoostClean\EBoost.Domain\bin\Debug\net8.0\EBoost.Domain.dll" to "bin\Debug\net8.0\EBoost.Domain.dll". Exceeded retry count of 10. Failed. The file is locked by: "EBoost.Api (40320)" [C:\Project Full stack\EBoostClean\EBoost.Api\EBoost.Api.csproj]
C:\Program Files\dotnet\sdk\10.0.101\Microsoft.Common.CurrentVersion.targets(5080,5): error MSB3021: Unable to copy file "C:\Project Full stack\EBoostClean\EBoost.Domain\bin\Debug\net8.0\EBoost.Domain.dll" to "bin\Debug\net8.0\EBoost.Domain.dll". The process cannot access the file 'C:\Project Full stack\EBoostClean\EBoost.Api\bin\Debug\net8.0\EBoost.Domain.dll' because it is being used by another process. [C:\Project Full stack\EBoostClean\EBoost.Api\EBoost.Api.csproj]

Build FAILED.
    30 Warning(s)
    6 Error(s)

Time Elapsed 00:00:13.91
